<html>
<body>
<pre>
<h1>µVision Build Log</h1>
<h2>Tool Versions:</h2>
IDE-Version: µVision V5.42.0.0
Copyright (C) 2025 ARM Ltd and ARM Germany GmbH. All rights reserved.
License Information: Os Holt
The Math Yogis
User-based license: Keil MDK Community (non-commercial free of charge)
Valid until: May 31 2033. Cached until: Dec 14 2025
 
Tool Versions:
Toolchain:       Keil MDK Community (non-commercial free of charge  Version: 5.42.0.0
Toolchain Path:  C:\Users\OSGOD\AppData\Local\Keil_v5\ARM\ARMCLANG\Bin
C Compiler:      ArmClang.exe V6.23
Assembler:       Armasm.exe V6.23
Linker/Locator:  ArmLink.exe V6.23
Library Manager: ArmAr.exe V6.23
Hex Converter:   FromElf.exe V6.23
CPU DLL:         SARMCM3.DLL V5.42.0.0
Dialog DLL:      DARMCM1.DLL V1.19.6.0
Target DLL:      lmidk-agdi.dll V???
Dialog DLL:      TARMCM1.DLL V1.14.6.0
 
<h2>Project:</h2>
C:\Users\OSGOD\Desktop\Embedded Systems\Quantum Leap\Lessons\lesson-24\tm4c123-keil\lesson.uvprojx
Project File Date:  12/07/2025

<h2>Output:</h2>
*** Using Compiler 'V6.23', folder: 'C:\Users\OSGOD\AppData\Local\Keil_v5\ARM\ARMCLANG\Bin'
Build target 'dbg'
compiling main.c...
compiling miros.c...
assembling startup_TM4C123GH6PM.s...
compiling bsp.c...
compiling system_TM4C123GH6PM.c...
linking...
Program Size: Code=2934 RO-data=934 RW-data=4 ZI-data=2796  
".\dbg\lesson.axf" - 0 Error(s), 0 Warning(s).

<h2>Software Packages used:</h2>

Package Vendor: ARM
                https://www.keil.com/pack/ARM.Cortex_DFP.1.1.0.pack
                ARM::Cortex_DFP@1.1.0
                ARM Cortex Reference Subsystems Device Family Pack

<h2>Collection of Component include folders:</h2>
  C:/Users/OSGOD/AppData/Local/Arm/Packs/ARM/Cortex_DFP/1.1.0/Device/ARMCM0/Include

<h2>Collection of Component Files used:</h2>
Build Time Elapsed:  00:00:00
</pre>
</body>
</html>
